[applefix.com.co/index.html]
[backblue.gif]
[fade.gif]
[index.html]
[applefix.com.co/css/bootstrap.css]
[applefix.com.co/css/style.css]
[use.fontawesome.com/releases/v5.2.0/css/all.css]
[cdnjs.cloudflare.com/ajax/libs/ekko-lightbox/5.3.0/ekko-lightbox.css]
[applefix.com.co/img/logonuevo.png]
[unpkg.com/scrollreveal@4.0.0/dist/scrollreveal.min.js]
[applefix.com.co/index-2.html]
[applefix.com.co/imac.html]
[applefix.com.co/macbook.html]
[applefix.com.co/iphone.html]
[applefix.com.co/ipad.html]
[applefix.com.co/blog.html]
[applefix.com.co/contacto.html]
[applefix.com.co/img/logonuevo-y.png]
[applefix.com.co/img/info-marcial/05.jpg]
[applefix.com.co/blog-publi9.html]
[applefix.com.co/img/info-marcial/macbook/macbook.jpg]
[applefix.com.co/img/info-marcial/02.jpg]
[applefix.com.co/img/info-marcial/bateria/bateria.jpg]
[applefix.com.co/img/info-marcial/03.jpg]
[applefix.com.co/img/info-marcial/iphone/roto.png]
[applefix.com.co/img/info-marcial/iphone/iphone.jpg]
[applefix.com.co/img/info-marcial/06.jpg]
[applefix.com.co/img/info-marcial/magsafe/magsaf.jpg]
[applefix.com.co/img/testimonios/01.jpg]
[applefix.com.co/img/testimonios/02.jpg]
[cdnjs.cloudflare.com/ajax/libs/popper.js/1.14.3/umd/popper.min.js]
[applefix.com.co/index.html]
[use.fontawesome.com/releases/v5.2.0/css/all.css]
[applefix.com.co/css/bootstrap.css]
[applefix.com.co/img/slide/slide01.jpg]
[code.jquery.com/jquery-3.3.1.min.js]
[stackpath.bootstrapcdn.com/bootstrap/4.1.3/js/bootstrap.min.js]
[cdnjs.cloudflare.com/ajax/libs/ekko-lightbox/5.3.0/ekko-lightbox.min.js]
[applefix.com.co/img/slide/slide02.jpg]
[applefix.com.co/img/slide/slide03.jpg]
[applefix.com.co/img/slide/slide04.jpg]
[applefix.com.co/img/banner01.jpg]
[applefix.com.co/img/banner02.jpg]
[applefix.com.co/img/contacto-page/contacto header.jpg]
[applefix.com.co/img/blog-page/img-ppales/header.jpg]
[applefix.com.co/img/iphone/header.jpg]
[applefix.com.co/img/macbook/01.jpg]
[applefix.com.co/img/imac/header.jpg]
[applefix.com.co/img/ipad/header.jpg]
[applefix.com.co/css/style.css]
[cdnjs.cloudflare.com/ajax/libs/ekko-lightbox/5.3.0/ekko-lightbox.css]
[applefix.com.co/index-2.html]
[applefix.com.co/img/imac/01.png]
[applefix.com.co/img/macbook/s3.jpg]
[applefix.com.co/img/macbook/s4.jpg]
[applefix.com.co/img/macbook/s5.jpg]
[applefix.com.co/img/macbook/s6.jpg]
[applefix.com.co/img/macbook/s7.jpg]
[applefix.com.co/img/macbook/s8.jpg]
[applefix.com.co/img/iphone/solicita.jpg]
[applefix.com.co/img/iphone/envio-tecnico.jpg]
[applefix.com.co/img/iphone/recibe.jpg]
[applefix.com.co/imac.html]
[applefix.com.co/img/macbook/02.jpg]
[applefix.com.co/img/macbook/s1.jpg]
[applefix.com.co/img/macbook/s2.jpg]
[applefix.com.co/macbook.html]
[applefix.com.co/img/iphone/01.jpg]
[applefix.com.co/img/iphone/s1.jpg]
[applefix.com.co/img/iphone/s2.jpg]
[applefix.com.co/img/iphone/s3.jpg]
[applefix.com.co/img/iphone/s4.jpg]
[applefix.com.co/img/iphone/s5.jpg]
[applefix.com.co/img/iphone/s6.jpg]
[applefix.com.co/img/iphone/s7.jpg]
[applefix.com.co/img/iphone/s8.jpg]
[applefix.com.co/img/iphone/s9.jpg]
[applefix.com.co/img/iphone/s10.jpg]
[applefix.com.co/img/iphone/s11.jpg]
[applefix.com.co/img/iphone/s12.jpg]
[applefix.com.co/iphone.html]
[applefix.com.co/img/ipad/02.png]
[applefix.com.co/img/ipad/s1.jpg]
[applefix.com.co/img/ipad/s2.jpg]
[applefix.com.co/img/ipad/s3.jpg]
[applefix.com.co/img/ipad/s4.jpg]
[applefix.com.co/img/ipad/s5.jpg]
[applefix.com.co/img/ipad/s6.jpg]
[applefix.com.co/img/ipad/s7.jpg]
[applefix.com.co/img/ipad/s8.jpg]
[applefix.com.co/ipad.html]
[applefix.com.co/img/blog-page/img-ppales/blog-1/top1-cut.jpg]
[applefix.com.co/blog-publi1.html]
[applefix.com.co/img/blog-page/img-ppales/blog-2/top2-cut.png]
[applefix.com.co/blog-publi2.html]
[applefix.com.co/img/blog-page/img-ppales/blog-9/top9-cut.jpg]
[applefix.com.co/img/blog-page/img-ppales/blog-4/top4-cut.jpg]
[applefix.com.co/blog-publi4.html]
[applefix.com.co/img/blog-page/img-ppales/blog-5/top5-cut.png]
[applefix.com.co/img/blog-page/img-ppales/blog-6/top6-cut.jpg]
[applefix.com.co/blog-publi6.html]
[applefix.com.co/blog2.html]
[applefix.com.co/blog-imp1.html]
[applefix.com.co/blog-imp2.html]
[applefix.com.co/blog-imp3.html]
[applefix.com.co/blog-imp4.html]
[applefix.com.co/blog-imp5.html]
[applefix.com.co/blog.html]
[applefix.com.co/contacto.html]
[applefix.com.co/img/blog-page/img-ppales/blog-9/top9.jpg]
[applefix.com.co/img/blog-page/img-ppales/blog-9/top90.jpg]
[applefix.com.co/img/blog-page/img-ppales/blog-9/top901.gif]
[applefix.com.co/img/blog-page/img-ppales/blog-9/top902.gif]
[applefix.com.co/img/blog-page/img-ppales/blog-9/top903.jpg]
[applefix.com.co/img/blog-page/img-ppales/blog-9/top904.jpg]
[applefix.com.co/img/blog-page/img-ppales/blog-9/top905.gif]
[applefix.com.co/img/blog-page/img-ppales/blog-9/top91.jpg]
[applefix.com.co/img/blog-page/img-ppales/blog-9/macbookram.jpg]
[applefix.com.co/img/blog-page/img-ppales/blog-9/macbookairram.jpg]
[applefix.com.co/img/blog-page/img-ppales/blog-9/macbookairram1.png]
[applefix.com.co/img/blog-page/img-ppales/blog-9/macbookproram.jpg]
[applefix.com.co/img/blog-page/img-ppales/blog-9/macbookproram1.png]
[applefix.com.co/img/blog-page/img-ppales/blog-9/macbookproram2.png]
[applefix.com.co/img/blog-page/img-ppales/blog-9/macbookproram3.png]
[applefix.com.co/img/blog-page/img-ppales/blog-9/macmini.jpg]
[applefix.com.co/img/blog-page/img-ppales/blog-9/macminiram.png]
[applefix.com.co/img/blog-page/img-ppales/blog-9/imac.jpg]
[applefix.com.co/img/blog-page/img-ppales/blog-9/imacram1.png]
[applefix.com.co/img/blog-page/img-ppales/blog-9/imacram2.png]
[applefix.com.co/img/blog-page/img-ppales/blog-9/macpro.jpg]
[applefix.com.co/img/blog-page/img-ppales/blog-9/macproram.png]
[applefix.com.co/blog-publi9.html]
[applefix.com.co/img/testimonios/person0.jpg]
[applefix.com.co/img/testimonios/03.jpg]
[applefix.com.co/img/blog-page/img-ppales/blog-1/top1.jpg]
[applefix.com.co/img/blog-page/img-ppales/blog-1/top12.jpg]
[applefix.com.co/blog-publi1.html]
[applefix.com.co/img/blog-page/img-ppales/blog-2/top2.jpg]
[applefix.com.co/img/blog-page/img-ppales/blog-2/top21.jpg]
[applefix.com.co/blog-publi2.html]
[applefix.com.co/img/blog-page/img-ppales/blog-4/top41.jpg]
[applefix.com.co/blog-publi4.html]
[applefix.com.co/blog-publi5.html]
[applefix.com.co/img/blog-page/img-ppales/blog-6/top6.jpg]
[applefix.com.co/img/blog-page/img-ppales/blog-6/top61.png]
[applefix.com.co/img/blog-page/img-ppales/blog-6/top62.gif]
[applefix.com.co/img/blog-page/img-ppales/blog-6/top63.gif]
[applefix.com.co/blog-publi6.html]
[applefix.com.co/img/blog-page/img-ppales/blog-7/top7-cut.png]
[applefix.com.co/blog-publi7.html]
[applefix.com.co/img/blog-page/img-ppales/blog-8/top8-cut.jpg]
[applefix.com.co/blog-publi8.html]
[applefix.com.co/img/blog-page/img-ppales/blog-3/top3-cut.jpg]
[applefix.com.co/blog-publi3.html]
[applefix.com.co/blog2.html]
[applefix.com.co/img/blog-page/imp1.jpg]
[applefix.com.co/img/blog-page/imp12.jpg]
[applefix.com.co/blog-imp1.html]
[applefix.com.co/img/blog-page/imp22.jpg]
[applefix.com.co/blog-imp2.html]
[applefix.com.co/img/blog-page/imp3.jpg]
[applefix.com.co/img/blog-page/imp32.jpg]
[applefix.com.co/blog-imp3.html]
[applefix.com.co/img/blog-page/imp4.jpg]
[applefix.com.co/blog-imp4.html]
[applefix.com.co/img/blog-page/imp5.jpg]
[applefix.com.co/img/blog-page/imp52.jpg]
[applefix.com.co/blog-imp5.html]
[applefix.com.co/img/blog-page/img-ppales/blog-9/macbookram1.png]
[applefix.com.co/img/blog-page/img-ppales/blog-4/top4.jpg]
[applefix.com.co/img/blog-page/img-ppales/blog-5/top5.jpg]
[applefix.com.co/img/blog-page/img-ppales/blog-5/top51.jpg]
[applefix.com.co/img/blog-page/img-ppales/blog-5/top54.jpg]
[applefix.com.co/img/blog-page/img-ppales/blog-5/top52.jpg]
[applefix.com.co/img/blog-page/img-ppales/blog-5/top53.jpg]
[applefix.com.co/blog-publi5.html]
[applefix.com.co/img/blog-page/img-ppales/blog-7/top7.jpg]
[applefix.com.co/img/blog-page/img-ppales/blog-7/top71.jpg]
[applefix.com.co/img/blog-page/img-ppales/blog-7/top72.jpg]
[applefix.com.co/blog-publi7.html]
[applefix.com.co/img/blog-page/img-ppales/blog-8/top8.jpg]
[applefix.com.co/img/blog-page/img-ppales/blog-8/top81.jpg]
[applefix.com.co/blog-publi8.html]
[applefix.com.co/blog-publi3.html]
[applefix.com.co/img/blog-page/imp2.jpg]
[applefix.com.co/img/blog-page/imp42.png]
[applefix.com.co/img/blog-page/img-ppales/blog-3/top3.jpg]
